Component: ARM Compiler 5.06 update 7 (build 960) Tool: armlink [4d3601]

==============================================================================

Section Cross References

    stm32f10x_it.o(.text) refers to usart.o(.text) for UsartPrintf
    system_stm32f10x.o(.text) refers to system_stm32f10x.o(.data) for SystemCoreClock
    startup_stm32f10x_hd.o(STACK) refers (Special) to heapauxi.o(.text) for __use_two_region_memory
    startup_stm32f10x_hd.o(HEAP) refers (Special) to heapauxi.o(.text) for __use_two_region_memory
    startup_stm32f10x_hd.o(RESET) refers (Special) to heapauxi.o(.text) for __use_two_region_memory
    startup_stm32f10x_hd.o(RESET) refers to startup_stm32f10x_hd.o(STACK) for __initial_sp
    startup_stm32f10x_hd.o(RESET) refers to startup_stm32f10x_hd.o(.text) for Reset_Handler
    startup_stm32f10x_hd.o(RESET) refers to stm32f10x_it.o(.text) for NMI_Handler
    startup_stm32f10x_hd.o(RESET) refers to usart.o(.text) for USART1_IRQHandler
    startup_stm32f10x_hd.o(RESET) refers to esp8266.o(.text) for USART2_IRQHandler
    startup_stm32f10x_hd.o(.text) refers (Special) to heapauxi.o(.text) for __use_two_region_memory
    startup_stm32f10x_hd.o(.text) refers to system_stm32f10x.o(.text) for SystemInit
    startup_stm32f10x_hd.o(.text) refers to __main.o(!!!main) for __main
    startup_stm32f10x_hd.o(.text) refers to startup_stm32f10x_hd.o(HEAP) for Heap_Mem
    startup_stm32f10x_hd.o(.text) refers to startup_stm32f10x_hd.o(STACK) for Stack_Mem
    stm32f10x_gpio.o(.text) refers to stm32f10x_rcc.o(.text) for RCC_APB2PeriphResetCmd
    stm32f10x_rcc.o(.text) refers to stm32f10x_rcc.o(.data) for APBAHBPrescTable
    stm32f10x_usart.o(.text) refers to stm32f10x_rcc.o(.text) for RCC_APB2PeriphResetCmd
    stm32f10x_adc.o(.text) refers to stm32f10x_rcc.o(.text) for RCC_APB2PeriphResetCmd
    delay.o(.text) refers to delay.o(.data) for UsCount
    usart.o(.text) refers to stm32f10x_rcc.o(.text) for RCC_APB2PeriphClockCmd
    usart.o(.text) refers to stm32f10x_gpio.o(.text) for GPIO_Init
    usart.o(.text) refers to stm32f10x_usart.o(.text) for USART_Init
    usart.o(.text) refers to misc.o(.text) for NVIC_Init
    usart.o(.text) refers to c89vsnprintf.o(.text) for __c89vsnprintf
    dht11.o(.text) refers to delay.o(.text) for delay_ms
    dht11.o(.text) refers to stm32f10x_rcc.o(.text) for RCC_APB2PeriphClockCmd
    dht11.o(.text) refers to stm32f10x_gpio.o(.text) for GPIO_Init
    oled.o(.text) refers to stm32f10x_gpio.o(.text) for GPIO_SetBits
    oled.o(.text) refers to stm32f10x_rcc.o(.text) for RCC_APB2PeriphClockCmd
    oled.o(.text) refers to delay.o(.text) for delay_ms
    oled.o(.text) refers to oled.o(.constdata) for F8X16
    oled.o(.text) refers to oled.o(.data) for Hzk
    adc.o(.text) refers to stm32f10x_rcc.o(.text) for RCC_APB2PeriphClockCmd
    adc.o(.text) refers to stm32f10x_adc.o(.text) for ADC_DeInit
    lsens.o(.text) refers to stm32f10x_rcc.o(.text) for RCC_APB2PeriphClockCmd
    lsens.o(.text) refers to stm32f10x_gpio.o(.text) for GPIO_Init
    lsens.o(.text) refers to adc.o(.text) for Adc_Init
    lsens.o(.text) refers to delay.o(.text) for delay_ms
    led.o(.text) refers to stm32f10x_rcc.o(.text) for RCC_APB2PeriphClockCmd
    led.o(.text) refers to stm32f10x_gpio.o(.text) for GPIO_Init
    key.o(.text) refers to stm32f10x_rcc.o(.text) for RCC_APB2PeriphClockCmd
    key.o(.text) refers to stm32f10x_gpio.o(.text) for GPIO_PinRemapConfig
    key.o(.text) refers to delay.o(.text) for delay_ms
    key.o(.text) refers to key.o(.data) for key_up
    main.o(.text) refers to misc.o(.text) for NVIC_PriorityGroupConfig
    main.o(.text) refers to delay.o(.text) for Delay_Init
    main.o(.text) refers to usart.o(.text) for Usart1_Init
    main.o(.text) refers to oled.o(.text) for OLED_Init
    main.o(.text) refers to led.o(.text) for LED_Init
    main.o(.text) refers to key.o(.text) for KEY_Init
    main.o(.text) refers to lsens.o(.text) for Lsens_Init
    main.o(.text) refers to dht11.o(.text) for DHT11_Init
    main.o(.text) refers to esp8266.o(.text) for ESP8266_Init
    main.o(.text) refers to onenet.o(.text) for OneNet_DevLink
    main.o(.text) refers to onenet.o(.bss) for upload_data
    main.o(.text) refers to stm32f10x_gpio.o(.text) for GPIO_SetBits
    onenet.o(.text) refers to _printf_percent.o(.ARM.Collect$$_printf_percent$$00000000) for _printf_percent
    onenet.o(.text) refers to _printf_d.o(.ARM.Collect$$_printf_percent$$00000009) for _printf_d
    onenet.o(.text) refers to _printf_s.o(.ARM.Collect$$_printf_percent$$00000014) for _printf_s
    onenet.o(.text) refers to _printf_dec.o(.text) for _printf_int_dec
    onenet.o(.text) refers to _printf_str.o(.text) for _printf_str
    onenet.o(.text) refers to strlen.o(.text) for strlen
    onenet.o(.text) refers to strcat.o(.text) for strcat
    onenet.o(.text) refers to rt_memclr_w.o(.text) for __aeabi_memclr4
[...]
    CL$$btod_mult_common                     0x080066a6   Section      580  btod.o(CL$$btod_mult_common)
    i.__ARM_fpclassify                       0x080068ea   Section        0  fpclassify.o(i.__ARM_fpclassify)
    i._is_digit                              0x08006912   Section        0  __printf_wp.o(i._is_digit)
    locale$$code                             0x08006920   Section       44  lc_ctype_c.o(locale$$code)
    locale$$code                             0x0800694c   Section       44  lc_numeric_c.o(locale$$code)
    x$fpl$printf1                            0x08006978   Section        4  printf1.o(x$fpl$printf1)
    .constdata                               0x0800697c   Section     2072  oled.o(.constdata)
    x$fpl$usenofp                            0x0800697c   Section        0  usenofp.o(x$fpl$usenofp)
    .constdata                               0x08007194   Section      192  base64.o(.constdata)
    base64_enc_map                           0x08007194   Data          64  base64.o(.constdata)
    base64_dec_map                           0x080071d4   Data         128  base64.o(.constdata)
    .constdata                               0x08007254   Section       17  __printf_flags_ss_wp.o(.constdata)
    maptable                                 0x08007254   Data          17  __printf_flags_ss_wp.o(.constdata)
    .constdata                               0x08007268   Section        8  _printf_wctomb.o(.constdata)
    initial_mbstate                          0x08007268   Data           8  _printf_wctomb.o(.constdata)
    .constdata                               0x08007270   Section       40  _printf_hex_int_ll_ptr.o(.constdata)
    uc_hextab                                0x08007270   Data          20  _printf_hex_int_ll_ptr.o(.constdata)
    lc_hextab                                0x08007284   Data          20  _printf_hex_int_ll_ptr.o(.constdata)
    .constdata                               0x08007298   Section      148  bigflt0.o(.constdata)
    tenpwrs_x                                0x08007298   Data          60  bigflt0.o(.constdata)
    tenpwrs_i                                0x080072d4   Data          64  bigflt0.o(.constdata)
    .conststring                             0x0800732c   Section       71  onenet.o(.conststring)
    locale$$data                             0x08007394   Section      272  lc_ctype_c.o(locale$$data)
    __lcctype_c_name                         0x08007398   Data           2  lc_ctype_c.o(locale$$data)
    __lcctype_c_start                        0x080073a0   Data           0  lc_ctype_c.o(locale$$data)
    locale$$data                             0x080074a4   Section       28  lc_numeric_c.o(locale$$data)
    __lcctype_c_end                          0x080074a4   Data           0  lc_ctype_c.o(locale$$data)
    __lcnum_c_name                           0x080074a8   Data           2  lc_numeric_c.o(locale$$data)
    __lcnum_c_start                          0x080074b0   Data           0  lc_numeric_c.o(locale$$data)
    __lcnum_c_point                          0x080074bc   Data           0  lc_numeric_c.o(locale$$data)
    __lcnum_c_thousands                      0x080074be   Data           0  lc_numeric_c.o(locale$$data)
    __lcnum_c_grouping                       0x080074bf   Data           0  lc_numeric_c.o(locale$$data)
    __lcnum_c_end                            0x080074c0   Data           0  lc_numeric_c.o(locale$$data)
    .data                                    0x20000000   Section       20  system_stm32f10x.o(.data)
    .data                                    0x20000014   Section       20  stm32f10x_rcc.o(.data)
    APBAHBPrescTable                         0x20000014   Data          16  stm32f10x_rcc.o(.data)
    ADCPrescTable                            0x20000024   Data           4  stm32f10x_rcc.o(.data)
    .data                                    0x20000028   Section        4  delay.o(.data)
    .data                                    0x2000002c   Section     1664  oled.o(.data)
    .data                                    0x200006ac   Section        1  key.o(.data)
    key_up                                   0x200006ac   Data           1  key.o(.data)
    .data                                    0x200006ae   Section        2  onenet.o(.data)
    pkt_id                                   0x200006ae   Data           2  onenet.o(.data)
    .data                                    0x200006b0   Section        4  esp8266.o(.data)
    .bss                                     0x200006b4   Section       80  onenet.o(.bss)
    .bss                                     0x20000704   Section      512  esp8266.o(.bss)
    .bss                                     0x20000904   Section       96  libspace.o(.bss)
    HEAP                                     0x20000968   Section     3072  startup_stm32f10x_hd.o(HEAP)
    Heap_Mem                                 0x20000968   Data        3072  startup_stm32f10x_hd.o(HEAP)
    STACK                                    0x20001568   Section     3072  startup_stm32f10x_hd.o(STACK)
    Stack_Mem                                0x20001568   Data        3072  startup_stm32f10x_hd.o(STACK)
    __initial_sp                             0x20002168   Data           0  startup_stm32f10x_hd.o(STACK)

    Global Symbols

    Symbol Name                              Value     Ov Type        Size  Object(Section)

    BuildAttributes$$THM_ISAv4$P$D$K$B$S$PE$A:L22UL41UL21$X:L11$S22US41US21$IEEE1$IW$USESV6$~STKCKD$USESV7$~SHL$OTIME$ROPI$IEEEJ$EBA8$UX$STANDARDLIB$REQ8$PRES8$EABIv2 0x00000000   Number         0  anon$$obj.o ABSOLUTE
    __ARM_use_no_argv                        0x00000000   Number         0  main.o ABSOLUTE
    _printf_flags                            0x00000000   Number         0  printf_stubs.o ABSOLUTE
    _printf_return_value                     0x00000000   Number         0  printf_stubs.o ABSOLUTE
    _printf_sizespec                         0x00000000   Number         0  printf_stubs.o ABSOLUTE
    _printf_widthprec                        0x00000000   Number         0  printf_stubs.o ABSOLUTE
    __ARM_exceptions_init                     - Undefined Weak Reference
    __alloca_initialize                       - Undefined Weak Reference
    __arm_fini_                               - Undefined Weak Reference
    __arm_preinit_                            - Undefined Weak Reference
    __cpp_initialize__aeabi_                  - Undefined Weak Reference
    __cxa_finalize                            - Undefined Weak Reference
    __sigvec_lookup                           - Undefined Weak Reference
    __user_heap_extent                        - Undefined Weak Reference
    _atexit_init                              - Undefined Weak Reference
    _call_atexit_fns                          - Undefined Weak Reference
    _clock_init                               - Undefined Weak Reference
    _fp_trap_init                             - Undefined Weak Reference
    _fp_trap_shutdown                         - Undefined Weak Reference
    _get_lc_collate                           - Undefined Weak Reference
    _get_lc_monetary                          - Undefined Weak Reference
    _get_lc_time                              - Undefined Weak Reference
    _getenv_init                              - Undefined Weak Reference
    _handle_redirection                       - Undefined Weak Reference
    _initio                                   - Undefined Weak Reference
    _mutex_acquire                            - Undefined Weak Reference
    _mutex_free                               - Undefined Weak Reference
    _mutex_release                            - Undefined Weak Reference
    _printf_fp_hex                            - Undefined Weak Reference
    _printf_mbtowc                            - Undefined Weak Reference
    _printf_wc                                - Undefined Weak Reference
    _rand_init                                - Undefined Weak Reference
    _signal_finish                            - Undefined Weak Reference
    _signal_init                              - Undefined Weak Reference
    _terminateio                              - Undefined Weak Reference
    __Vectors_Size                           0x00000130   Number         0  startup_stm32f10x_hd.o ABSOLUTE
    __Vectors                                0x08000000   Data           4  startup_stm32f10x_hd.o(RESET)
    __Vectors_End                            0x08000130   Data           0  startup_stm32f10x_hd.o(RESET)
    __main                                   0x08000131   Thumb Code     8  __main.o(!!!main)
    __scatterload                            0x08000139   Thumb Code     0  __scatter.o(!!!scatter)
    __scatterload_rt2                        0x08000139   Thumb Code    44  __scatter.o(!!!scatter)
    __scatterload_rt2_thumb_only             0x08000139   Thumb Code     0  __scatter.o(!!!scatter)
    __scatterload_null                       0x08000147   Thumb Code     0  __scatter.o(!!!scatter)
    __decompress                             0x0800016d   Thumb Code    90  __dczerorl2.o(!!dczerorl2)
    __decompress1                            0x0800016d   Thumb Code     0  __dczerorl2.o(!!dczerorl2)
    __scatterload_zeroinit                   0x080001c9   Thumb Code    28  __scatter_zi.o(!!handler_zi)
    _printf_n                                0x080001e5   Thumb Code     0  _printf_n.o(.ARM.Collect$$_printf_percent$$00000001)
    _printf_percent                          0x080001e5   Thumb Code     0  _printf_percent.o(.ARM.Collect$$_printf_percent$$00000000)
    _printf_p                                0x080001eb   Thumb Code     0  _printf_p.o(.ARM.Collect$$_printf_percent$$00000002)
    _printf_f                                0x080001f1   Thumb Code     0  _printf_f.o(.ARM.Collect$$_printf_percent$$00000003)
    _printf_e                                0x080001f7   Thumb Code     0  _printf_e.o(.ARM.Collect$$_printf_percent$$00000004)
    _printf_g                                0x080001fd   Thumb Code     0  _printf_g.o(.ARM.Collect$$_printf_percent$$00000005)
    _printf_a                                0x08000203   Thumb Code     0  _printf_a.o(.ARM.Collect$$_printf_percent$$00000006)
    _printf_ll                               0x08000209   Thumb Code     0  _printf_ll.o(.ARM.Collect$$_printf_percent$$00000007)
    _printf_i                                0x08000213   Thumb Code     0  _printf_i.o(.ARM.Collect$$_printf_percent$$00000008)
    _printf_d                                0x08000219   Thumb Code     0  _printf_d.o(.ARM.Collect$$_printf_percent$$00000009)
    _printf_u                                0x0800021f   Thumb Code     0  _printf_u.o(.ARM.Collect$$_printf_percent$$0000000A)
    _printf_o                                0x08000225   Thumb Code     0  _printf_o.o(.ARM.Collect$$_printf_percent$$0000000B)
    _printf_x                                0x0800022b   Thumb Code     0  _printf_x.o(.ARM.Collect$$_printf_percent$$0000000C)
    _printf_lli                              0x08000231   Thumb Code     0  _printf_lli.o(.ARM.Collect$$_printf_percent$$0000000D)
    _printf_lld                              0x08000237   Thumb Code     0  _printf_lld.o(.ARM.Collect$$_printf_percent$$0000000E)
    _printf_llu                              0x0800023d   Thumb Code     0  _printf_llu.o(.ARM.Collect$$_printf_percent$$0000000F)
    _printf_llo                              0x08000243   Thumb Code     0  _printf_llo.o(.ARM.Collect$$_printf_percent$$00000010)
    _printf_llx                              0x08000249   Thumb Code     0  _printf_llx.o(.ARM.Collect$$_printf_percent$$00000011)
    _printf_l                                0x0800024f   Thumb Code     0  _printf_l.o(.ARM.Collect$$_printf_percent$$00000012)
    _printf_c                                0x08000259   Thumb Code     0  _printf_c.o(.ARM.Collect$$_printf_percent$$00000013)
    _printf_s                                0x0800025f   Thumb Code     0  _printf_s.o(.ARM.Collect$$_printf_percent$$00000014)
    _printf_lc                               0x08000265   Thumb Code     0  _printf_lc.o(.ARM.Collect$$_printf_percent$$00000015)
    _printf_ls                               0x0800026b   Thumb Code     0  _printf_ls.o(.ARM.Collect$$_printf_percent$$00000016)
    _printf_percent_end                      0x08000271   Thumb Code     0  _printf_percent_end.o(.ARM.Collect$$_printf_percent$$00000017)
    __rt_lib_init                            0x08000275   Thumb Code     0  libinit.o(.ARM.Collect$$libinit$$00000000)
    __rt_lib_init_fp_1                       0x08000277   Thumb Code     0  libinit2.o(.ARM.Collect$$libinit$$00000002)
    __rt_lib_init_heap_2                     0x08000277   Thumb Code     0  libinit2.o(.ARM.Collect$$libinit$$00000005)
    __rt_lib_init_preinit_1                  0x08000277   Thumb Code     0  libinit2.o(.ARM.Collect$$libinit$$00000004)
    __rt_lib_init_heap_1                     0x0800027f   Thumb Code     0  libinit2.o(.ARM.Collect$$libinit$$0000000A)
    __rt_lib_init_lc_common                  0x0800027f   Thumb Code     0  libinit2.o(.ARM.Collect$$libinit$$0000000F)
    __rt_lib_init_rand_1                     0x0800027f   Thumb Code     0  libinit2.o(.ARM.Collect$$libinit$$0000000E)
    __rt_lib_init_user_alloc_1               0x0800027f   Thumb Code     0  libinit2.o(.ARM.Collect$$libinit$$0000000C)
    __rt_lib_init_lc_collate_1               0x08000285   Thumb Code     0  libinit2.o(.ARM.Collect$$libinit$$00000011)
    __rt_lib_init_lc_ctype_2                 0x08000285   Thumb Code     0  libinit2.o(.ARM.Collect$$libinit$$00000012)
    __rt_lib_init_lc_ctype_1                 0x08000291   Thumb Code     0  libinit2.o(.ARM.Collect$$libinit$$00000013)
    __rt_lib_init_lc_monetary_1              0x08000291   Thumb Code     0  libinit2.o(.ARM.Collect$$libinit$$00000015)
    __rt_lib_init_lc_numeric_2               0x08000291   Thumb Code     0  libinit2.o(.ARM.Collect$$libinit$$00000016)
    __rt_lib_init_alloca_1                   0x0800029b   Thumb Code     0  libinit2.o(.ARM.Collect$$libinit$$0000002E)
    __rt_lib_init_argv_1                     0x0800029b   Thumb Code     0  libinit2.o(.ARM.Collect$$libinit$$0000002C)
    __rt_lib_init_atexit_1                   0x0800029b   Thumb Code     0  libinit2.o(.ARM.Collect$$libinit$$0000001B)
    __rt_lib_init_clock_1                    0x0800029b   Thumb Code     0  libinit2.o(.ARM.Collect$$libinit$$00000021)
    __rt_lib_init_cpp_1                      0x0800029b   Thumb Code     0  libinit2.o(.ARM.Collect$$libinit$$00000032)
    __rt_lib_init_exceptions_1               0x0800029b   Thumb Code     0  libinit2.o(.ARM.Collect$$libinit$$00000030)
    __rt_lib_init_fp_trap_1                  0x0800029b   Thumb Code     0  libinit2.o(.ARM.Collect$$libinit$$0000001F)
    __rt_lib_init_getenv_1                   0x0800029b   Thumb Code     0  libinit2.o(.ARM.Collect$$libinit$$00000023)
    __rt_lib_init_lc_numeric_1               0x0800029b   Thumb Code     0  libinit2.o(.ARM.Collect$$libinit$$00000017)
    __rt_lib_init_lc_time_1                  0x0800029b   Thumb Code     0  libinit2.o(.ARM.Collect$$libinit$$00000019)
    __rt_lib_init_return                     0x0800029b   Thumb Code     0  libinit2.o(.ARM.Collect$$libinit$$00000033)
    __rt_lib_init_signal_1                   0x0800029b   Thumb Code     0  libinit2.o(.ARM.Collect$$libinit$$0000001D)
    __rt_lib_init_stdio_1                    0x0800029b   Thumb Code     0  libinit2.o(.ARM.Collect$$libinit$$00000025)
    __rt_lib_shutdown                        0x0800029d   Thumb Code     0  libshutdown.o(.ARM.Collect$$libshutdown$$00000000)
    __rt_lib_shutdown_cpp_1                  0x0800029f   Thumb Code     0  libshutdown2.o(.ARM.Collect$$libshutdown$$00000004)
    __rt_lib_shutdown_fini_1                 0x0800029f   Thumb Code     0  libshutdown2.o(.ARM.Collect$$libshutdown$$00000002)
    __rt_lib_shutdown_fp_trap_1              0x0800029f   Thumb Code     0  libshutdown2.o(.ARM.Collect$$libshutdown$$00000009)
    __rt_lib_shutdown_heap_1                 0x0800029f   Thumb Code     0  libshutdown2.o(.ARM.Collect$$libshutdown$$00000011)
    __rt_lib_shutdown_return                 0x0800029f   Thumb Code     0  libshutdown2.o(.ARM.Collect$$libshutdown$$00000012)
    __rt_lib_shutdown_signal_1               0x0800029f   Thumb Code     0  libshutdown2.o(.ARM.Collect$$libshutdown$$0000000C)
    __rt_lib_shutdown_stdio_1                0x0800029f   Thumb Code     0  libshutdown2.o(.ARM.Collect$$libshutdown$$00000006)
    __rt_lib_shutdown_user_alloc_1           0x0800029f   Thumb Code     0  libshutdown2.o(.ARM.Collect$$libshutdown$$0000000E)
    __rt_entry                               0x080002a1   Thumb Code     0  __rtentry.o(.ARM.Collect$$rtentry$$00000000)
    __rt_entry_presh_1                       0x080002a1   Thumb Code     0  __rtentry2.o(.ARM.Collect$$rtentry$$00000002)
    __rt_entry_sh                            0x080002a1   Thumb Code     0  __rtentry4.o(.ARM.Collect$$rtentry$$00000004)
    __rt_entry_li                            0x080002a7   Thumb Code     0  __rtentry2.o(.ARM.Collect$$rtentry$$0000000A)
    __rt_entry_postsh_1                      0x080002a7   Thumb Code     0  __rtentry2.o(.ARM.Collect$$rtentry$$00000009)
    __rt_entry_main                          0x080002ab   Thumb Code     0  __rtentry2.o(.ARM.Collect$$rtentry$$0000000D)
    __rt_entry_postli_1                      0x080002ab   Thumb Code     0  __rtentry2.o(.ARM.Collect$$rtentry$$0000000C)
    __rt_exit                                0x080002b3   Thumb Code     0  rtexit.o(.ARM.Collect$$rtexit$$00000000)
    __rt_exit_ls                             0x080002b5   Thumb Code     0  rtexit2.o(.ARM.Collect$$rtexit$$00000003)
    __rt_exit_prels_1                        0x080002b5   Thumb Code     0  rtexit2.o(.ARM.Collect$$rtexit$$00000002)
    __rt_exit_exit                           0x080002b9   Thumb Code     0  rtexit2.o(.ARM.Collect$$rtexit$$00000004)
    NMI_Handler                              0x080002c1   Thumb Code     2  stm32f10x_it.o(.text)
    _maybe_terminate_alloc                   0x080002c1   Thumb Code     0  maybetermalloc1.o(.emb_text)
    HardFault_Handler                        0x080002c3   Thumb Code    12  stm32f10x_it.o(.text)
    MemManage_Handler                        0x080002cf   Thumb Code    12  stm32f10x_it.o(.text)
    BusFault_Handler                         0x080002db   Thumb Code    12  stm32f10x_it.o(.text)
    UsageFault_Handler                       0x080002e7   Thumb Code    12  stm32f10x_it.o(.text)
    SVC_Handler                              0x080002f3   Thumb Code     2  stm32f10x_it.o(.text)
    DebugMon_Handler                         0x080002f5   Thumb Code     2  stm32f10x_it.o(.text)
    SysTick_Handler                          0x080002f7   Thumb Code     2  stm32f10x_it.o(.text)
    EXTI0_IRQHandler                         0x080002f9   Thumb Code     2  stm32f10x_it.o(.text)
    RTC_IRQHandler                           0x080002fb   Thumb Code     2  stm32f10x_it.o(.text)
    SystemInit                               0x080004d3   Thumb Code    78  system_stm32f10x.o(.text)
    SystemCoreClockUpdate                    0x08000521   Thumb Code   142  system_stm32f10x.o(.text)
    Reset_Handler                            0x080005d5   Thumb Code     8  startup_stm32f10x_hd.o(.text)
    PendSV_Handler                           0x080005eb   Thumb Code     2  startup_stm32f10x_hd.o(.text)
    ADC1_2_IRQHandler                        0x080005ef   Thumb Code     0  startup_stm32f10x_hd.o(.text)
    ADC3_IRQHandler                          0x080005ef   Thumb Code     0  startup_stm32f10x_hd.o(.text)
    CAN1_RX1_IRQHandler                      0x080005ef   Thumb Code     0  startup_stm32f10x_hd.o(.text)
    CAN1_SCE_IRQHandler                      0x080005ef   Thumb Code     0  startup_stm32f10x_hd.o(.text)
    DMA1_Channel1_IRQHandler                 0x080005ef   Thumb Code     0  startup_stm32f10x_hd.o(.text)
    DMA1_Channel2_IRQHandler                 0x080005ef   Thumb Code     0  startup_stm32f10x_hd.o(.text)
    DMA1_Channel3_IRQHandler                 0x080005ef   Thumb Code     0  startup_stm32f10x_hd.o(.text)
    DMA1_Channel4_IRQHandler                 0x080005ef   Thumb Code     0  startup_stm32f10x_hd.o(.text)
    DMA1_Channel5_IRQHandler                 0x080005ef   Thumb Code     0  startup_stm32f10x_hd.o(.text)
    DMA1_Channel6_IRQHandler                 0x080005ef   Thumb Code     0  startup_stm32f10x_hd.o(.text)
    DMA1_Channel7_IRQHandler                 0x080005ef   Thumb Code     0  startup_stm32f10x_hd.o(.text)
    DMA2_Channel1_IRQHandler                 0x080005ef   Thumb Code     0  startup_stm32f10x_hd.o(.text)
    DMA2_Channel2_IRQHandler                 0x080005ef   Thumb Code     0  startup_stm32f10x_hd.o(.text)
    DMA2_Channel3_IRQHandler                 0x080005ef   Thumb Code     0  startup_stm32f10x_hd.o(.text)
    DMA2_Channel4_5_IRQHandler               0x080005ef   Thumb Code     0  startup_stm32f10x_hd.o(.text)
    EXTI15_10_IRQHandler                     0x080005ef   Thumb Code     0  startup_stm32f10x_hd.o(.text)
    EXTI1_IRQHandler                         0x080005ef   Thumb Code     0  startup_stm32f10x_hd.o(.text)
    EXTI2_IRQHandler                         0x080005ef   Thumb Code     0  startup_stm32f10x_hd.o(.text)
    EXTI3_IRQHandler                         0x080005ef   Thumb Code     0  startup_stm32f10x_hd.o(.text)
    EXTI4_IRQHandler                         0x080005ef   Thumb Code     0  startup_stm32f10x_hd.o(.text)
    EXTI9_5_IRQHandler                       0x080005ef   Thumb Code     0  startup_stm32f10x_hd.o(.text)
    FLASH_IRQHandler                         0x080005ef   Thumb Code     0  startup_stm32f10x_hd.o(.text)
    FSMC_IRQHandler                          0x080005ef   Thumb Code     0  startup_stm32f10x_hd.o(.text)
    I2C1_ER_IRQHandler                       0x080005ef   Thumb Code     0  startup_stm32f10x_hd.o(.text)
    I2C1_EV_IRQHandler                       0x080005ef   Thumb Code     0  startup_stm32f10x_hd.o(.text)
    I2C2_ER_IRQHandler                       0x080005ef   Thumb Code     0  startup_stm32f10x_hd.o(.text)
    I2C2_EV_IRQHandler                       0x080005ef   Thumb Code     0  startup_stm32f10x_hd.o(.text)
    PVD_IRQHandler                           0x080005ef   Thumb Code     0  startup_stm32f10x_hd.o(.text)
    RCC_IRQHandler                           0x080005ef   Thumb Code     0  startup_stm32f10x_hd.o(.text)
    RTCAlarm_IRQHandler                      0x080005ef   Thumb Code     0  startup_stm32f10x_hd.o(.text)
    SDIO_IRQHandler                          0x080005ef   Thumb Code     0  startup_stm32f10x_hd.o(.text)
    SPI1_IRQHandler                          0x080005ef   Thumb Code     0  startup_stm32f10x_hd.o(.text)
    SPI2_IRQHandler                          0x080005ef   Thumb Code     0  startup_stm32f10x_hd.o(.text)
    SPI3_IRQHandler                          0x080005ef   Thumb Code     0  startup_stm32f10x_hd.o(.text)
    TAMPER_IRQHandler                        0x080005ef   Thumb Code     0  startup_stm32f10x_hd.o(.text)
    TIM1_BRK_IRQHandler                      0x080005ef   Thumb Code     0  startup_stm32f10x_hd.o(.text)
    TIM1_CC_IRQHandler                       0x080005ef   Thumb Code     0  startup_stm32f10x_hd.o(.text)
    TIM1_TRG_COM_IRQHandler                  0x080005ef   Thumb Code     0  startup_stm32f10x_hd.o(.text)
    TIM1_UP_IRQHandler                       0x080005ef   Thumb Code     0  startup_stm32f10x_hd.o(.text)
    TIM2_IRQHandler                          0x080005ef   Thumb Code     0  startup_stm32f10x_hd.o(.text)
    TIM3_IRQHandler                          0x080005ef   Thumb Code     0  startup_stm32f10x_hd.o(.text)
    TIM4_IRQHandler                          0x080005ef   Thumb Code     0  startup_stm32f10x_hd.o(.text)
    TIM5_IRQHandler                          0x080005ef   Thumb Code     0  startup_stm32f10x_hd.o(.text)
    TIM6_IRQHandler                          0x080005ef   Thumb Code     0  startup_stm32f10x_hd.o(.text)
    TIM7_IRQHandler                          0x080005ef   Thumb Code     0  startup_stm32f10x_hd.o(.text)
    TIM8_BRK_IRQHandler                      0x080005ef   Thumb Code     0  startup_stm32f10x_hd.o(.text)
    TIM8_CC_IRQHandler                       0x080005ef   Thumb Code     0  startup_stm32f10x_hd.o(.text)
    TIM8_TRG_COM_IRQHandler                  0x080005ef   Thumb Code     0  startup_stm32f10x_hd.o(.text)
    TIM8_UP_IRQHandler                       0x080005ef   Thumb Code     0  startup_stm32f10x_hd.o(.text)
    UART4_IRQHandler                         0x080005ef   Thumb Code     0  startup_stm32f10x_hd.o(.text)
    UART5_IRQHandler                         0x080005ef   Thumb Code     0  startup_stm32f10x_hd.o(.text)
    USART3_IRQHandler                        0x080005ef   Thumb Code     0  startup_stm32f10x_hd.o(.text)
    USBWakeUp_IRQHandler                     0x080005ef   Thumb Code     0  startup_stm32f10x_hd.o(.text)
    USB_HP_CAN1_TX_IRQHandler                0x080005ef   Thumb Code     0  startup_stm32f10x_hd.o(.text)
    USB_LP_CAN1_RX0_IRQHandler               0x080005ef   Thumb Code     0  startup_stm32f10x_hd.o(.text)
    WWDG_IRQHandler                          0x080005ef   Thumb Code     0  startup_stm32f10x_hd.o(.text)
    __user_initial_stackheap                 0x080005f1   Thumb Code     0  startup_stm32f10x_hd.o(.text)
    NVIC_PriorityGroupConfig                 0x08000615   Thumb Code    10  misc.o(.text)
    NVIC_Init                                0x0800061f   Thumb Code   100  misc.o(.text)
    NVIC_SetVectorTable                      0x08000683   Thumb Code    14  misc.o(.text)
    NVIC_SystemLPConfig                      0x08000691   Thumb Code    34  misc.o(.text)
    SysTick_CLKSourceConfig                  0x080006b3   Thumb Code    40  misc.o(.text)
    GPIO_DeInit                              0x080006f1   Thumb Code   172  stm32f10x_gpio.o(.text)
    GPIO_AFIODeInit                          0x0800079d   Thumb Code    20  stm32f10x_gpio.o(.text)
    GPIO_Init                                0x080007b1   Thumb Code   278  stm32f10x_gpio.o(.text)
    GPIO_StructInit                          0x080008c7   Thumb Code    16  stm32f10x_gpio.o(.text)
    GPIO_ReadInputDataBit                    0x080008d7   Thumb Code    18  stm32f10x_gpio.o(.text)
    GPIO_ReadInputData                       0x080008e9   Thumb Code     8  stm32f10x_gpio.o(.text)
    GPIO_ReadOutputDataBit                   0x080008f1   Thumb Code    18  stm32f10x_gpio.o(.text)
    GPIO_ReadOutputData                      0x08000903   Thumb Code     8  stm32f10x_gpio.o(.text)
    GPIO_SetBits                             0x0800090b   Thumb Code     4  stm32f10x_gpio.o(.text)
    GPIO_ResetBits                           0x0800090f   Thumb Code     4  stm32f10x_gpio.o(.text)
    GPIO_WriteBit                            0x08000913   Thumb Code    10  stm32f10x_gpio.o(.text)
    GPIO_Write                               0x0800091d   Thumb Code     4  stm32f10x_gpio.o(.text)
    GPIO_PinLockConfig                       0x08000921   Thumb Code    18  stm32f10x_gpio.o(.text)
    GPIO_EventOutputConfig                   0x08000933   Thumb Code    26  stm32f10x_gpio.o(.text)
    GPIO_EventOutputCmd                      0x0800094d   Thumb Code     6  stm32f10x_gpio.o(.text)
    GPIO_PinRemapConfig                      0x08000953   Thumb Code   138  stm32f10x_gpio.o(.text)
    GPIO_EXTILineConfig                      0x080009dd   Thumb Code    66  stm32f10x_gpio.o(.text)
    GPIO_ETH_MediaInterfaceConfig            0x08000a1f   Thumb Code     8  stm32f10x_gpio.o(.text)
    RCC_DeInit                               0x08000a4d   Thumb Code    64  stm32f10x_rcc.o(.text)
    RCC_HSEConfig                            0x08000a8d   Thumb Code    70  stm32f10x_rcc.o(.text)
    RCC_GetFlagStatus                        0x08000ad3   Thumb Code    56  stm32f10x_rcc.o(.text)
    RCC_WaitForHSEStartUp                    0x08000b0b   Thumb Code    56  stm32f10x_rcc.o(.text)
    RCC_AdjustHSICalibrationValue            0x08000b43   Thumb Code    20  stm32f10x_rcc.o(.text)
    RCC_HSICmd                               0x08000b57   Thumb Code     6  stm32f10x_rcc.o(.text)
    RCC_PLLConfig                            0x08000b5d   Thumb Code    24  stm32f10x_rcc.o(.text)
    RCC_PLLCmd                               0x08000b75   Thumb Code     6  stm32f10x_rcc.o(.text)
    RCC_SYSCLKConfig                         0x08000b7b   Thumb Code    18  stm32f10x_rcc.o(.text)
    RCC_GetSYSCLKSource                      0x08000b8d   Thumb Code    10  stm32f10x_rcc.o(.text)
    RCC_HCLKConfig                           0x08000b97   Thumb Code    18  stm32f10x_rcc.o(.text)
    RCC_PCLK1Config                          0x08000ba9   Thumb Code    18  stm32f10x_rcc.o(.text)
    RCC_PCLK2Config                          0x08000bbb   Thumb Code    20  stm32f10x_rcc.o(.text)
    RCC_ITConfig                             0x08000bcf   Thumb Code    26  stm32f10x_rcc.o(.text)
    RCC_USBCLKConfig                         0x08000be9   Thumb Code     8  stm32f10x_rcc.o(.text)
    RCC_ADCCLKConfig                         0x08000bf1   Thumb Code    18  stm32f10x_rcc.o(.text)
    RCC_LSEConfig                            0x08000c03   Thumb Code    50  stm32f10x_rcc.o(.text)
    RCC_LSICmd                               0x08000c35   Thumb Code     6  stm32f10x_rcc.o(.text)
    RCC_RTCCLKConfig                         0x08000c3b   Thumb Code    12  stm32f10x_rcc.o(.text)
    RCC_RTCCLKCmd                            0x08000c47   Thumb Code     8  stm32f10x_rcc.o(.text)
    RCC_GetClocksFreq                        0x08000c4f   Thumb Code   192  stm32f10x_rcc.o(.text)
    RCC_AHBPeriphClockCmd                    0x08000d0f   Thumb Code    26  stm32f10x_rcc.o(.text)
    RCC_APB2PeriphClockCmd                   0x08000d29   Thumb Code    26  stm32f10x_rcc.o(.text)
    RCC_APB1PeriphClockCmd                   0x08000d43   Thumb Code    26  stm32f10x_rcc.o(.text)
    RCC_APB2PeriphResetCmd                   0x08000d5d   Thumb Code    26  stm32f10x_rcc.o(.text)
    RCC_APB1PeriphResetCmd                   0x08000d77   Thumb Code    26  stm32f10x_rcc.o(.text)
    RCC_BackupResetCmd                       0x08000d91   Thumb Code     8  stm32f10x_rcc.o(.text)
    RCC_ClockSecuritySystemCmd               0x08000d99   Thumb Code     6  stm32f10x_rcc.o(.text)
    RCC_MCOConfig                            0x08000d9f   Thumb Code     6  stm32f10x_rcc.o(.text)
    RCC_ClearFlag                            0x08000da5   Thumb Code    14  stm32f10x_rcc.o(.text)
    RCC_GetITStatus                          0x08000db3   Thumb Code    20  stm32f10x_rcc.o(.text)
    RCC_ClearITPendingBit                    0x08000dc7   Thumb Code     6  stm32f10x_rcc.o(.text)
    USART_DeInit                             0x08000df1   Thumb Code   134  stm32f10x_usart.o(.text)
    USART_Init                               0x08000e77   Thumb Code   210  stm32f10x_usart.o(.text)
    USART_StructInit                         0x08000f49   Thumb Code    24  stm32f10x_usart.o(.text)
    USART_ClockInit                          0x08000f61   Thumb Code    34  stm32f10x_usart.o(.text)
    USART_ClockStructInit                    0x08000f83   Thumb Code    12  stm32f10x_usart.o(.text)
    USART_Cmd                                0x08000f8f   Thumb Code    24  stm32f10x_usart.o(.text)
    USART_ITConfig                           0x08000fa7   Thumb Code    74  stm32f10x_usart.o(.text)
    USART_DMACmd                             0x08000ff1   Thumb Code    18  stm32f10x_usart.o(.text)
    USART_SetAddress                         0x08001003   Thumb Code    18  stm32f10x_usart.o(.text)
    USART_WakeUpConfig                       0x08001015   Thumb Code    18  stm32f10x_usart.o(.text)
    USART_ReceiverWakeUpCmd                  0x08001027   Thumb Code    24  stm32f10x_usart.o(.text)
    USART_LINBreakDetectLengthConfig         0x0800103f   Thumb Code    18  stm32f10x_usart.o(.text)
    USART_LINCmd                             0x08001051   Thumb Code    24  stm32f10x_usart.o(.text)
    USART_SendData                           0x08001069   Thumb Code     8  stm32f10x_usart.o(.text)
    USART_ReceiveData                        0x08001071   Thumb Code    10  stm32f10x_usart.o(.text)
    USART_SendBreak                          0x0800107b   Thumb Code    10  stm32f10x_usart.o(.text)
    USART_SetGuardTime                       0x08001085   Thumb Code    16  stm32f10x_usart.o(.text)
    USART_SetPrescaler                       0x08001095   Thumb Code    16  stm32f10x_usart.o(.text)
    USART_SmartCardCmd                       0x080010a5   Thumb Code    24  stm32f10x_usart.o(.text)
    USART_SmartCardNACKCmd                   0x080010bd   Thumb Code    24  stm32f10x_usart.o(.text)
    USART_HalfDuplexCmd                      0x080010d5   Thumb Code    24  stm32f10x_usart.o(.text)
    USART_OverSampling8Cmd                   0x080010ed   Thumb Code    22  stm32f10x_usart.o(.text)
    USART_OneBitMethodCmd                    0x08001103   Thumb Code    24  stm32f10x_usart.o(.text)
    USART_IrDAConfig                         0x0800111b   Thumb Code    18  stm32f10x_usart.o(.text)
    USART_IrDACmd                            0x0800112d   Thumb Code    24  stm32f10x_usart.o(.text)
    USART_GetFlagStatus                      0x08001145   Thumb Code    26  stm32f10x_usart.o(.text)
    USART_ClearFlag                          0x0800115f   Thumb Code    18  stm32f10x_usart.o(.text)
    USART_GetITStatus                        0x08001171   Thumb Code    84  stm32f10x_usart.o(.text)
    USART_ClearITPendingBit                  0x080011c5   Thumb Code    52  stm32f10x_usart.o(.text)
    ADC_DeInit                               0x080011f9   Thumb Code    78  stm32f10x_adc.o(.text)
    ADC_Init                                 0x08001247   Thumb Code    70  stm32f10x_adc.o(.text)
    ADC_StructInit                           0x0800128d   Thumb Code    18  stm32f10x_adc.o(.text)
    ADC_Cmd                                  0x0800129f   Thumb Code    22  stm32f10x_adc.o(.text)
    ADC_DMACmd                               0x080012b5   Thumb Code    22  stm32f10x_adc.o(.text)
    ADC_ITConfig                             0x080012cb   Thumb Code    24  stm32f10x_adc.o(.text)
    ADC_ResetCalibration                     0x080012e3   Thumb Code    10  stm32f10x_adc.o(.text)
    ADC_GetResetCalibrationStatus            0x080012ed   Thumb Code    20  stm32f10x_adc.o(.text)
    ADC_StartCalibration                     0x08001301   Thumb Code    10  stm32f10x_adc.o(.text)
    ADC_GetCalibrationStatus                 0x0800130b   Thumb Code    20  stm32f10x_adc.o(.text)
    ADC_SoftwareStartConvCmd                 0x0800131f   Thumb Code    22  stm32f10x_adc.o(.text)
    ADC_GetSoftwareStartConvStatus           0x08001335   Thumb Code    20  stm32f10x_adc.o(.text)
    ADC_DiscModeChannelCountConfig           0x08001349   Thumb Code    24  stm32f10x_adc.o(.text)
    ADC_DiscModeCmd                          0x08001361   Thumb Code    22  stm32f10x_adc.o(.text)
    ADC_RegularChannelConfig                 0x08001377   Thumb Code   184  stm32f10x_adc.o(.text)
    ADC_ExternalTrigConvCmd                  0x0800142f   Thumb Code    22  stm32f10x_adc.o(.text)
    ADC_GetConversionValue                   0x08001445   Thumb Code     8  stm32f10x_adc.o(.text)
    ADC_GetDualModeConversionValue           0x0800144d   Thumb Code     8  stm32f10x_adc.o(.text)
    ADC_AutoInjectedConvCmd                  0x08001455   Thumb Code    22  stm32f10x_adc.o(.text)
    ADC_InjectedDiscModeCmd                  0x0800146b   Thumb Code    22  stm32f10x_adc.o(.text)
    ADC_ExternalTrigInjectedConvConfig       0x08001481   Thumb Code    16  stm32f10x_adc.o(.text)
    ADC_ExternalTrigInjectedConvCmd          0x08001491   Thumb Code    22  stm32f10x_adc.o(.text)
    ADC_SoftwareStartInjectedConvCmd         0x080014a7   Thumb Code    22  stm32f10x_adc.o(.text)
    ADC_GetSoftwareStartInjectedConvCmdStatus 0x080014bd   Thumb Code    20  stm32f10x_adc.o(.text)
    ADC_InjectedChannelConfig                0x080014d1   Thumb Code   130  stm32f10x_adc.o(.text)
    ADC_InjectedSequencerLengthConfig        0x08001553   Thumb Code    24  stm32f10x_adc.o(.text)
    ADC_SetInjectedOffset                    0x0800156b   Thumb Code    20  stm32f10x_adc.o(.text)
    ADC_GetInjectedConversionValue           0x0800157f   Thumb Code    28  stm32f10x_adc.o(.text)
    ADC_AnalogWatchdogCmd                    0x0800159b   Thumb Code    16  stm32f10x_adc.o(.text)
    ADC_AnalogWatchdogThresholdsConfig       0x080015ab   Thumb Code     6  stm32f10x_adc.o(.text)
    ADC_AnalogWatchdogSingleChannelConfig    0x080015b1   Thumb Code    16  stm32f10x_adc.o(.text)
    ADC_TempSensorVrefintCmd                 0x080015c1   Thumb Code    64  stm32f10x_adc.o(.text)
    ADC_GetFlagStatus                        0x08001601   Thumb Code    18  stm32f10x_adc.o(.text)
    ADC_ClearFlag                            0x08001613   Thumb Code     6  stm32f10x_adc.o(.text)
    ADC_GetITStatus                          0x08001619   Thumb Code    36  stm32f10x_adc.o(.text)
    ADC_ClearITPendingBit                    0x0800163d   Thumb Code    10  stm32f10x_adc.o(.text)
    Delay_Init                               0x08001649   Thumb Code    48  delay.o(.text)
    delay_us                                 0x08001679   Thumb Code    60  delay.o(.text)
    delay_ms                                 0x080016b5   Thumb Code    66  delay.o(.text)
    Usart1_Init                              0x08001701   Thumb Code   166  usart.o(.text)
    Usart2_Init                              0x080017a7   Thumb Code   162  usart.o(.text)
    Usart_SendString                         0x08001849   Thumb Code    50  usart.o(.text)
    UsartPrintf                              0x0800187b   Thumb Code    72  usart.o(.text)
    USART1_IRQHandler                        0x080018c3   Thumb Code    24  usart.o(.text)
    DHT11_Rst                                0x080018e9   Thumb Code    52  dht11.o(.text)
    DHT11_Check                              0x0800191d   Thumb Code    96  dht11.o(.text)
    DHT11_Read_Bit                           0x0800197d   Thumb Code    76  dht11.o(.text)
    DHT11_Read_Byte                          0x080019c9   Thumb Code    30  dht11.o(.text)
    DHT11_Read_Data                          0x080019e7   Thumb Code    88  dht11.o(.text)
    DHT11_Init                               0x08001a3f   Thumb Code    62  dht11.o(.text)
    OLED_WR_Byte                             0x08001a89   Thumb Code   126  oled.o(.text)
    OLED_Set_Pos                             0x08001b07   Thumb Code    46  oled.o(.text)
    OLED_Display_On                          0x08001b35   Thumb Code    28  oled.o(.text)
    OLED_Display_Off                         0x08001b51   Thumb Code    28  oled.o(.text)
    OLED_Clear                               0x08001b6d   Thumb Code    64  oled.o(.text)
    OLED_ShowChar                            0x08001bad   Thumb Code   106  oled.o(.text)
    oled_pow                                 0x08001c17   Thumb Code    22  oled.o(.text)
    OLED_ShowNum                             0x08001c2d   Thumb Code   132  oled.o(.text)
    OLED_ShowString                          0x08001cb1   Thumb Code    54  oled.o(.text)
    OLED_ShowCHinese                         0x08001ce7   Thumb Code    98  oled.o(.text)
    OLED_DrawBMP                             0x08001d49   Thumb Code   118  oled.o(.text)
    OLED_Init                                0x08001dbf   Thumb Code   382  oled.o(.text)
    Adc_Init                                 0x08001f3d   Thumb Code   112  adc.o(.text)
    Get_Adc                                  0x08001fad   Thumb Code    58  adc.o(.text)
    Lsens_Init                               0x08001fed   Thumb Code    36  lsens.o(.text)
    Lsens_Get_Val                            0x08002011   Thumb Code    60  lsens.o(.text)
    Mq2_Get_Val                              0x0800204d   Thumb Code    54  lsens.o(.text)
    LED_Init                                 0x08002089   Thumb Code    50  led.o(.text)
    KEY_Init                                 0x080020c1   Thumb Code    42  key.o(.text)
    KEY_Scan                                 0x080020eb   Thumb Code   234  key.o(.text)
    Hardware_Init                            0x080021e1   Thumb Code    56  main.o(.text)
    main                                     0x08002219   Thumb Code  1400  main.o(.text)
    OneNet_DevLink                           0x080029c3   Thumb Code   242  onenet.o(.text)
    OneNet_FillBuf                           0x08002ab5   Thumb Code  1184  onenet.o(.text)
    OneNet_SendData                          0x08002f55   Thumb Code   134  onenet.o(.text)
    OneNET_Publish                           0x08002fdb   Thumb Code    86  onenet.o(.text)
    OneNET_Subscribe                         0x08003031   Thumb Code    86  onenet.o(.text)
    OneNet_RevPro                            0x08003087   Thumb Code   572  onenet.o(.text)
    ft                                       0x080034a5   Thumb Code    76  hmac_sha1.o(.text)
    k                                        0x080034f1   Thumb Code    34  hmac_sha1.o(.text)
    rotr                                     0x08003513   Thumb Code    40  hmac_sha1.o(.text)
    rotl                                     0x0800353b   Thumb Code    46  hmac_sha1.o(.text)
    sha1                                     0x08003569   Thumb Code   632  hmac_sha1.o(.text)
    hmac_sha1                                0x080037e1   Thumb Code   360  hmac_sha1.o(.text)
    BASE64_Encode                            0x08003949   Thumb Code   320  base64.o(.text)
    BASE64_Decode                            0x08003a89   Thumb Code   360  base64.o(.text)
    MQTT_NewBuffer                           0x08003bf9   Thumb Code    88  mqttkit.o(.text)
    MQTT_DeleteBuffer                        0x08003c51   Thumb Code    28  mqttkit.o(.text)
    MQTT_DumpLength                          0x08003c6d   Thumb Code    46  mqttkit.o(.text)
    MQTT_ReadLength                          0x08003c9b   Thumb Code    70  mqttkit.o(.text)
    MQTT_UnPacketRecv                        0x08003ce1   Thumb Code   106  mqttkit.o(.text)
    MQTT_PacketConnect                       0x08003d4b   Thumb Code   666  mqttkit.o(.text)
    MQTT_PacketDisConnect                    0x08003fe5   Thumb Code    48  mqttkit.o(.text)
    MQTT_UnPacketConnectAck                  0x08004015   Thumb Code    30  mqttkit.o(.text)
    MQTT_PacketPublish                       0x08004033   Thumb Code   452  mqttkit.o(.text)
    MQTT_PacketSaveData                      0x080041f7   Thumb Code    68  mqttkit.o(.text)
    MQTT_PacketSaveBinData                   0x0800423b   Thumb Code   192  mqttkit.o(.text)
    MQTT_UnPacketCmd                         0x080042fb   Thumb Code   140  mqttkit.o(.text)
    MQTT_PacketCmdResp                       0x08004387   Thumb Code   132  mqttkit.o(.text)
    MQTT_PacketSubscribe                     0x0800440b   Thumb Code   254  mqttkit.o(.text)
    MQTT_UnPacketSubscribe                   0x08004509   Thumb Code    52  mqttkit.o(.text)
    MQTT_PacketUnSubscribe                   0x0800453d   Thumb Code   324  mqttkit.o(.text)
    MQTT_UnPacketUnSubscribe                 0x08004681   Thumb Code    18  mqttkit.o(.text)
    MQTT_UnPacketPublish                     0x08004693   Thumb Code   440  mqttkit.o(.text)
    MQTT_PacketPublishAck                    0x0800484b   Thumb Code    72  mqttkit.o(.text)
    MQTT_UnPacketPublishAck                  0x08004893   Thumb Code    30  mqttkit.o(.text)
    MQTT_PacketPublishRec                    0x080048b1   Thumb Code    72  mqttkit.o(.text)
    MQTT_UnPacketPublishRec                  0x080048f9   Thumb Code    30  mqttkit.o(.text)
    MQTT_PacketPublishRel                    0x08004917   Thumb Code    72  mqttkit.o(.text)
    MQTT_UnPacketPublishRel                  0x0800495f   Thumb Code    36  mqttkit.o(.text)
    MQTT_PacketPublishComp                   0x08004983   Thumb Code    72  mqttkit.o(.text)
    MQTT_UnPacketPublishComp                 0x080049cb   Thumb Code    30  mqttkit.o(.text)
    MQTT_PacketPing                          0x080049e9   Thumb Code    48  mqttkit.o(.text)
    ESP8266_Clear                            0x08004a19   Thumb Code    20  esp8266.o(.text)
    ESP8266_WaitRecive                       0x08004a2d   Thumb Code    42  esp8266.o(.text)
    ESP8266_SendCmd                          0x08004a57   Thumb Code    76  esp8266.o(.text)
    ESP8266_SendData                         0x08004aa3   Thumb Code    46  esp8266.o(.text)
    ESP8266_GetIPD                           0x08004ad1   Thumb Code    68  esp8266.o(.text)
    ESP8266_Init                             0x08004b15   Thumb Code   204  esp8266.o(.text)
    USART2_IRQHandler                        0x08004be1   Thumb Code    64  esp8266.o(.text)
    malloc                                   0x08004cf1   Thumb Code    94  h1_alloc.o(.text)
    free                                     0x08004d4f   Thumb Code    78  h1_free.o(.text)
    __c89vsnprintf                           0x08004d9d   Thumb Code    48  c89vsnprintf.o(.text)
    __2sprintf                               0x08004dd1   Thumb Code    38  __2sprintf.o(.text)
    __2snprintf                              0x08004dfd   Thumb Code    50  __2snprintf.o(.text)
    _printf_str                              0x08004e35   Thumb Code    82  _printf_str.o(.text)
    _printf_int_dec                          0x08004e89   Thumb Code   104  _printf_dec.o(.text)
    __printf                                 0x08004f01   Thumb Code   388  __printf_flags_ss_wp.o(.text)
    atoi                                     0x08005089   Thumb Code    26  atoi.o(.text)
    strchr                                   0x080050a3   Thumb Code    20  strchr.o(.text)
    strncat                                  0x080050b7   Thumb Code    36  strncat.o(.text)
    strstr                                   0x080050db   Thumb Code    36  strstr.o(.text)
    strcpy                                   0x080050ff   Thumb Code    72  strcpy.o(.text)
    strlen                                   0x08005147   Thumb Code    62  strlen.o(.text)
    strcat                                   0x08005185   Thumb Code    24  strcat.o(.text)
    __aeabi_memcpy                           0x0800519d   Thumb Code     0  rt_memcpy_v6.o(.text)
    __rt_memcpy                              0x0800519d   Thumb Code   138  rt_memcpy_v6.o(.text)
    _memcpy_lastbytes                        0x08005203   Thumb Code     0  rt_memcpy_v6.o(.text)
    __aeabi_memclr                           0x08005227   Thumb Code     0  rt_memclr.o(.text)
    __rt_memclr                              0x08005227   Thumb Code    68  rt_memclr.o(.text)
    _memset                                  0x0800522b   Thumb Code     0  rt_memclr.o(.text)
    __aeabi_memclr4                          0x0800526b   Thumb Code     0  rt_memclr_w.o(.text)
    __aeabi_memclr8                          0x0800526b   Thumb Code     0  rt_memclr_w.o(.text)
    __rt_memclr_w                            0x0800526b   Thumb Code    78  rt_memclr_w.o(.text)
    _memset_w                                0x0800526f   Thumb Code     0  rt_memclr_w.o(.text)
    __use_two_region_memory                  0x080052b9   Thumb Code     2  heapauxi.o(.text)
    __rt_heap_escrow                         0x080052bb   Thumb Code     2  heapauxi.o(.text)
    __rt_heap_expand                         0x080052bd   Thumb Code     2  heapauxi.o(.text)
    __rt_heap_descriptor                     0x080052c1   Thumb Code     8  rt_heap_descriptor_intlibspace.o(.text)
    __aeabi_errno_addr                       0x080052c9   Thumb Code     8  rt_errno_addr_intlibspace.o(.text)
    __errno$intlibspace                      0x080052c9   Thumb Code     0  rt_errno_addr_intlibspace.o(.text)
    __rt_errno_addr$intlibspace              0x080052c9   Thumb Code     0  rt_errno_addr_intlibspace.o(.text)
    __use_no_heap                            0x080052d1   Thumb Code     2  hguard.o(.text)
    __heap$guard                             0x080052d3   Thumb Code     2  hguard.o(.text)
    _terminate_user_alloc                    0x080052d5   Thumb Code     2  init_alloc.o(.text)
    _init_user_alloc                         0x080052d7   Thumb Code     2  init_alloc.o(.text)
    __Heap_Full                              0x080052d9   Thumb Code    34  init_alloc.o(.text)
    __Heap_Broken                            0x080052fb   Thumb Code     6  init_alloc.o(.text)
    _init_alloc                              0x08005301   Thumb Code    94  init_alloc.o(.text)
    __Heap_Initialize                        0x0800535f   Thumb Code    10  h1_init.o(.text)
    __Heap_DescSize                          0x08005369   Thumb Code     4  h1_init.o(.text)
    _printf_pre_padding                      0x0800536d   Thumb Code    44  _printf_pad.o(.text)
    _printf_post_padding                     0x08005399   Thumb Code    34  _printf_pad.o(.text)
    _printf_truncate_signed                  0x080053bb   Thumb Code    18  _printf_truncate.o(.text)
    _printf_truncate_unsigned                0x080053cd   Thumb Code    18  _printf_truncate.o(.text)
    _printf_int_common                       0x080053df   Thumb Code   178  _printf_intcommon.o(.text)
    _printf_charcount                        0x08005491   Thumb Code    40  _printf_charcount.o(.text)
    _printf_char_common                      0x080054c3   Thumb Code    32  _printf_char_common.o(.text)
    _sputc                                   0x080054e9   Thumb Code    10  _sputc.o(.text)
    _snputc                                  0x080054f3   Thumb Code    16  _snputc.o(.text)
    _printf_cs_common                        0x08005503   Thumb Code    20  _printf_char.o(.text)
    _printf_char                             0x08005517   Thumb Code    16  _printf_char.o(.text)
    _printf_string                           0x08005527   Thumb Code     8  _printf_char.o(.text)
    _printf_wctomb                           0x08005531   Thumb Code   182  _printf_wctomb.o(.text)
    _printf_longlong_dec                     0x080055ed   Thumb Code   108  _printf_longlong_dec.o(.text)
    _printf_longlong_oct                     0x08005669   Thumb Code    66  _printf_oct_int_ll.o(.text)
    _printf_int_oct                          0x080056ab   Thumb Code    24  _printf_oct_int_ll.o(.text)
    _printf_ll_oct                           0x080056c3   Thumb Code    12  _printf_oct_int_ll.o(.text)
    _printf_longlong_hex                     0x080056d9   Thumb Code    86  _printf_hex_int_ll_ptr.o(.text)
    _printf_int_hex                          0x0800572f   Thumb Code    28  _printf_hex_int_ll_ptr.o(.text)
    _printf_ll_hex                           0x0800574b   Thumb Code    12  _printf_hex_int_ll_ptr.o(.text)
    _printf_hex_ptr                          0x08005757   Thumb Code    18  _printf_hex_int_ll_ptr.o(.text)
    strtol                                   0x0800576d   Thumb Code   112  strtol.o(.text)
    __aeabi_memcpy4                          0x080057dd   Thumb Code     0  rt_memcpy_w.o(.text)
    __aeabi_memcpy8                          0x080057dd   Thumb Code     0  rt_memcpy_w.o(.text)
    __rt_memcpy_w                            0x080057dd   Thumb Code   100  rt_memcpy_w.o(.text)
    _memcpy_lastbytes_aligned                0x08005825   Thumb Code     0  rt_memcpy_w.o(.text)
    __user_libspace                          0x08005841   Thumb Code     8  libspace.o(.text)
    __user_perproc_libspace                  0x08005841   Thumb Code     0  libspace.o(.text)
    __user_perthread_libspace                0x08005841   Thumb Code     0  libspace.o(.text)
    __rt_ctype_table                         0x08005849   Thumb Code    16  rt_ctype_table.o(.text)
    __Heap_ProvideMemory                     0x08005859   Thumb Code    52  h1_extend.o(.text)
    _ll_udiv10                               0x0800588d   Thumb Code   138  lludiv10.o(.text)
    __lib_sel_fp_printf                      0x08005917   Thumb Code     2  _printf_fp_dec.o(.text)
    _printf_fp_dec_real                      0x08005ac9   Thumb Code   620  _printf_fp_dec.o(.text)
    _printf_lcs_common                       0x08005d35   Thumb Code    20  _printf_wchar.o(.text)
    _printf_wchar                            0x08005d49   Thumb Code    16  _printf_wchar.o(.text)
    _printf_wstring                          0x08005d59   Thumb Code     8  _printf_wchar.o(.text)
    _strtoul                                 0x08005d61   Thumb Code   158  _strtoul.o(.text)
    _wcrtomb                                 0x08005dff   Thumb Code    64  _wcrtomb.o(.text)
    __rt_SIGRTMEM                            0x08005e3f   Thumb Code    14  defsig_rtmem_outer.o(.text)
    __I$use$semihosting                      0x08005e4d   Thumb Code     0  use_no_semi.o(.text)
    __use_no_semihosting_swi                 0x08005e4d   Thumb Code     2  use_no_semi.o(.text)
    __semihosting_library_function           0x08005e4f   Thumb Code     0  indicate_semi.o(.text)
    __user_setup_stackheap                   0x08005e4f   Thumb Code    74  sys_stackheap_outer.o(.text)
    __rt_locale                              0x08005e99   Thumb Code     8  rt_locale_intlibspace.o(.text)
    _printf_fp_infnan                        0x08005ea1   Thumb Code   112  _printf_fp_infnan.o(.text)
    _chval                                   0x08005f21   Thumb Code    28  _chval.o(.text)
    _btod_etento                             0x08005f3d   Thumb Code   224  bigflt0.o(.text)
    exit                                     0x08006021   Thumb Code    18  exit.o(.text)
    __sig_exit                               0x08006033   Thumb Code    10  defsig_exit.o(.text)
    __rt_SIGRTMEM_inner                      0x0800603d   Thumb Code    22  defsig_rtmem_inner.o(.text)
    _sys_exit                                0x0800608d   Thumb Code     8  sys_exit.o(.text)
    __default_signal_display                 0x08006099   Thumb Code    50  defsig_general.o(.text)
    strcmp                                   0x080060cd   Thumb Code   128  strcmpv7m.o(.text)
    _ttywrch                                 0x0800614d   Thumb Code    14  sys_wrch.o(.text)
    _btod_d2e                                0x0800615b   Thumb Code    62  btod.o(CL$$btod_d2e)
    _d2e_denorm_low                          0x08006199   Thumb Code    70  btod.o(CL$$btod_d2e_denorm_low)
    _d2e_norm_op1                            0x080061df   Thumb Code    96  btod.o(CL$$btod_d2e_norm_op1)
    __btod_div_common                        0x0800623f   Thumb Code   696  btod.o(CL$$btod_div_common)
    _e2e                                     0x08006577   Thumb Code   220  btod.o(CL$$btod_e2e)
    _btod_ediv                               0x08006653   Thumb Code    42  btod.o(CL$$btod_ediv)
    _btod_emul                               0x0800667d   Thumb Code    42  btod.o(CL$$btod_emul)
    __btod_mult_common                       0x080066a7   Thumb Code   580  btod.o(CL$$btod_mult_common)
    __ARM_fpclassify                         0x080068eb   Thumb Code    40  fpclassify.o(i.__ARM_fpclassify)
    _is_digit                                0x08006913   Thumb Code    14  __printf_wp.o(i._is_digit)
    _get_lc_ctype                            0x08006921   Thumb Code    44  lc_ctype_c.o(locale$$code)
    _get_lc_numeric                          0x0800694d   Thumb Code    44  lc_numeric_c.o(locale$$code)
    _printf_fp_dec                           0x08006979   Thumb Code     4  printf1.o(x$fpl$printf1)
    F6x8                                     0x0800697c   Data         552  oled.o(.constdata)
    __I$use$fp                               0x0800697c   Number         0  usenofp.o(x$fpl$usenofp)
    F8X16                                    0x08006ba4   Data        1520  oled.o(.constdata)
    Region$$Table$$Base                      0x08007374   Number         0  anon$$obj.o(Region$$Table)
    Region$$Table$$Limit                     0x08007394   Number         0  anon$$obj.o(Region$$Table)
    __ctype                                  0x080073a1   Data           0  lc_ctype_c.o(locale$$data)
    SystemCoreClock                          0x20000000   Data           4  system_stm32f10x.o(.data)
    AHBPrescTable                            0x20000004   Data          16  system_stm32f10x.o(.data)
    UsCount                                  0x20000028   Data           1  delay.o(.data)
    MsCount                                  0x2000002a   Data           2  delay.o(.data)
    Hzk                                      0x2000002c   Data        1664  oled.o(.data)
    esp8266_cnt                              0x200006b0   Data           2  esp8266.o(.data)
    esp8266_cntPre                           0x200006b2   Data           2  esp8266.o(.data)
    devid                                    0x200006b4   Data          16  onenet.o(.bss)
    key                                      0x200006c4   Data          48  onenet.o(.bss)
    upload_data                              0x200006f4   Data          16  onenet.o(.bss)
    esp8266_buf                              0x20000704   Data         512  esp8266.o(.bss)
    __libspace_start                         0x20000904   Data          96  libspace.o(.bss)
    __temporary_stack_top$libspace           0x20000964   Data           0  libspace.o(.bss)



==============================================================================

Memory Map of the image

  Image Entry point : 0x08000131

  Load Region LR_IROM1 (Base: 0x08000000, Size: 0x00007b74, Max: 0x00080000, ABSOLUTE, COMPRESSED[0x00007794])

    Execution Region ER_IROM1 (Exec base: 0x08000000, Load base: 0x08000000, Size: 0x000074c0, Max: 0x00080000, ABSOLUTE)

    Exec Addr    Load Addr    Size         Type   Attr      Idx    E Section Name        Object

    0x08000000   0x08000000   0x00000130   Data   RO          139    RESET               startup_stm32f10x_hd.o
    0x08000130   0x08000130   0x00000008   Code   RO          791  * !!!main             c_w.l(__main.o)
    0x08000138   0x08000138   0x00000034   Code   RO         1137    !!!scatter          c_w.l(__scatter.o)
    0x0800016c   0x0800016c   0x0000005a   Code   RO         1135    !!dczerorl2         c_w.l(__dczerorl2.o)
    0x080001c6   0x080001c6   0x00000002   PAD
    0x080001c8   0x080001c8   0x0000001c   Code   RO         1139    !!handler_zi        c_w.l(__scatter_zi.o)
    0x080001e4   0x080001e4   0x00000000   Code   RO          768    .ARM.Collect$$_printf_percent$$00000000  c_w.l(_printf_percent.o)
    0x080001e4   0x080001e4   0x00000006   Code   RO          875    .ARM.Collect$$_printf_percent$$00000001  c_w.l(_printf_n.o)
    0x080001ea   0x080001ea   0x00000006   Code   RO          877    .ARM.Collect$$_printf_percent$$00000002  c_w.l(_printf_p.o)
    0x080001f0   0x080001f0   0x00000006   Code   RO          881    .ARM.Collect$$_printf_percent$$00000003  c_w.l(_printf_f.o)
    0x080001f6   0x080001f6   0x00000006   Code   RO          882    .ARM.Collect$$_printf_percent$$00000004  c_w.l(_printf_e.o)
    0x080001fc   0x080001fc   0x00000006   Code   RO          883    .ARM.Collect$$_printf_percent$$00000005  c_w.l(_printf_g.o)
    0x08000202   0x08000202   0x00000006   Code   RO          884    .ARM.Collect$$_printf_percent$$00000006  c_w.l(_printf_a.o)
    0x08000208   0x08000208   0x0000000a   Code   RO          889    .ARM.Collect$$_printf_percent$$00000007  c_w.l(_printf_ll.o)
    0x08000212   0x08000212   0x00000006   Code   RO          879    .ARM.Collect$$_printf_percent$$00000008  c_w.l(_printf_i.o)
    0x08000218   0x08000218   0x00000006   Code   RO          767    .ARM.Collect$$_printf_percent$$00000009  c_w.l(_printf_d.o)
    0x0800021e   0x0800021e   0x00000006   Code   RO          880    .ARM.Collect$$_printf_percent$$0000000A  c_w.l(_printf_u.o)
    0x08000224   0x08000224   0x00000006   Code   RO          878    .ARM.Collect$$_printf_percent$$0000000B  c_w.l(_printf_o.o)
    0x0800022a   0x0800022a   0x00000006   Code   RO          876    .ARM.Collect$$_printf_percent$$0000000C  c_w.l(_printf_x.o)
    0x08000230   0x08000230   0x00000006   Code   RO          886    .ARM.Collect$$_printf_percent$$0000000D  c_w.l(_printf_lli.o)
    0x08000236   0x08000236   0x00000006   Code   RO          887    .ARM.Collect$$_printf_percent$$0000000E  c_w.l(_printf_lld.o)
    0x0800023c   0x0800023c   0x00000006   Code   RO          888    .ARM.Collect$$_printf_percent$$0000000F  c_w.l(_printf_llu.o)
    0x08000242   0x08000242   0x00000006   Code   RO          893    .ARM.Collect$$_printf_percent$$00000010  c_w.l(_printf_llo.o)
    0x08000248   0x08000248   0x00000006   Code   RO          894    .ARM.Collect$$_printf_percent$$00000011  c_w.l(_printf_llx.o)
    0x0800024e   0x0800024e   0x0000000a   Code   RO          890    .ARM.Collect$$_printf_percent$$00000012  c_w.l(_printf_l.o)
    0x08000258   0x08000258   0x00000006   Code   RO          874    .ARM.Collect$$_printf_percent$$00000013  c_w.l(_printf_c.o)
    0x0800025e   0x0800025e   0x00000006   Code   RO          766    .ARM.Collect$$_printf_percent$$00000014  c_w.l(_printf_s.o)
    0x08000264   0x08000264   0x00000006   Code   RO          891    .ARM.Collect$$_printf_percent$$00000015  c_w.l(_printf_lc.o)
    0x0800026a   0x0800026a   0x00000006   Code   RO          892    .ARM.Collect$$_printf_percent$$00000016  c_w.l(_printf_ls.o)
    0x08000270   0x08000270   0x00000004   Code   RO          885    .ARM.Collect$$_printf_percent$$00000017  c_w.l(_printf_percent_end.o)
    0x08000274   0x08000274   0x00000002   Code   RO         1065    .ARM.Collect$$libinit$$00000000  c_w.l(libinit.o)
    0x08000276   0x08000276   0x00000000   Code   RO          902    .ARM.Collect$$libinit$$00000002  c_w.l(libinit2.o)
    0x08000276   0x08000276   0x00000000   Code   RO          904    .ARM.Collect$$libinit$$00000004  c_w.l(libinit2.o)
    0x08000276   0x08000276   0x00000008   Code   RO          905    .ARM.Collect$$libinit$$00000005  c_w.l(libinit2.o)
    0x0800027e   0x0800027e   0x00000000   Code   RO          907    .ARM.Collect$$libinit$$0000000A  c_w.l(libinit2.o)
    0x0800027e   0x0800027e   0x00000000   Code   RO          909    .ARM.Collect$$libinit$$0000000C  c_w.l(libinit2.o)
    0x0800027e   0x0800027e   0x00000000   Code   RO          911    .ARM.Collect$$libinit$$0000000E  c_w.l(libinit2.o)
    0x0800027e   0x0800027e   0x00000006   Code   RO          912    .ARM.Collect$$libinit$$0000000F  c_w.l(libinit2.o)
    0x08000284   0x08000284   0x00000000   Code   RO          914    .ARM.Collect$$libinit$$00000011  c_w.l(libinit2.o)
    0x08000284   0x08000284   0x0000000c   Code   RO          915    .ARM.Collect$$libinit$$00000012  c_w.l(libinit2.o)
    0x08000290   0x08000290   0x00000000   Code   RO          916    .ARM.Collect$$libinit$$00000013  c_w.l(libinit2.o)
    0x08000290   0x08000290   0x00000000   Code   RO          918    .ARM.Collect$$libinit$$00000015  c_w.l(libinit2.o)
    0x08000290   0x08000290   0x0000000a   Code   RO          919    .ARM.Collect$$libinit$$00000016  c_w.l(libinit2.o)
    0x0800029a   0x0800029a   0x00000000   Code   RO          920    .ARM.Collect$$libinit$$00000017  c_w.l(libinit2.o)
    0x0800029a   0x0800029a   0x00000000   Code   RO          922    .ARM.Collect$$libinit$$00000019  c_w.l(libinit2.o)
    0x0800029a   0x0800029a   0x00000000   Code   RO          924    .ARM.Collect$$libinit$$0000001B  c_w.l(libinit2.o)
    0x0800029a   0x0800029a   0x00000000   Code   RO          926    .ARM.Collect$$libinit$$0000001D  c_w.l(libinit2.o)
    0x0800029a   0x0800029a   0x00000000   Code   RO          928    .ARM.Collect$$libinit$$0000001F  c_w.l(libinit2.o)
    0x0800029a   0x0800029a   0x00000000   Code   RO          930    .ARM.Collect$$libinit$$00000021  c_w.l(libinit2.o)
    0x0800029a   0x0800029a   0x00000000   Code   RO          932    .ARM.Collect$$libinit$$00000023  c_w.l(libinit2.o)
    0x0800029a   0x0800029a   0x00000000   Code   RO          934    .ARM.Collect$$libinit$$00000025  c_w.l(libinit2.o)
    0x0800029a   0x0800029a   0x00000000   Code   RO          938    .ARM.Collect$$libinit$$0000002C  c_w.l(libinit2.o)
    0x0800029a   0x0800029a   0x00000000   Code   RO          940    .ARM.Collect$$libinit$$0000002E  c_w.l(libinit2.o)
    0x0800029a   0x0800029a   0x00000000   Code   RO          942    .ARM.Collect$$libinit$$00000030  c_w.l(libinit2.o)
    0x0800029a   0x0800029a   0x00000000   Code   RO          944    .ARM.Collect$$libinit$$00000032  c_w.l(libinit2.o)
    0x0800029a   0x0800029a   0x00000002   Code   RO          945    .ARM.Collect$$libinit$$00000033  c_w.l(libinit2.o)
    0x0800029c   0x0800029c   0x00000002   Code   RO         1132    .ARM.Collect$$libshutdown$$00000000  c_w.l(libshutdown.o)
    0x0800029e   0x0800029e   0x00000000   Code   RO         1086    .ARM.Collect$$libshutdown$$00000002  c_w.l(libshutdown2.o)
    0x0800029e   0x0800029e   0x00000000   Code   RO         1088    .ARM.Collect$$libshutdown$$00000004  c_w.l(libshutdown2.o)
    0x0800029e   0x0800029e   0x00000000   Code   RO         1090    .ARM.Collect$$libshutdown$$00000006  c_w.l(libshutdown2.o)
    0x0800029e   0x0800029e   0x00000000   Code   RO         1093    .ARM.Collect$$libshutdown$$00000009  c_w.l(libshutdown2.o)
    0x0800029e   0x0800029e   0x00000000   Code   RO         1096    .ARM.Collect$$libshutdown$$0000000C  c_w.l(libshutdown2.o)
    0x0800029e   0x0800029e   0x00000000   Code   RO         1098    .ARM.Collect$$libshutdown$$0000000E  c_w.l(libshutdown2.o)
    0x0800029e   0x0800029e   0x00000000   Code   RO         1101    .ARM.Collect$$libshutdown$$00000011  c_w.l(libshutdown2.o)
    0x0800029e   0x0800029e   0x00000002   Code   RO         1102    .ARM.Collect$$libshutdown$$00000012  c_w.l(libshutdown2.o)
    0x080002a0   0x080002a0   0x00000000   Code   RO          795    .ARM.Collect$$rtentry$$00000000  c_w.l(__rtentry.o)
    0x080002a0   0x080002a0   0x00000000   Code   RO          954    .ARM.Collect$$rtentry$$00000002  c_w.l(__rtentry2.o)
    0x080002a0   0x080002a0   0x00000006   Code   RO          966    .ARM.Collect$$rtentry$$00000004  c_w.l(__rtentry4.o)
    0x080002a6   0x080002a6   0x00000000   Code   RO          956    .ARM.Collect$$rtentry$$00000009  c_w.l(__rtentry2.o)
    0x080002a6   0x080002a6   0x00000004   Code   RO          957    .ARM.Collect$$rtentry$$0000000A  c_w.l(__rtentry2.o)
    0x080002aa   0x080002aa   0x00000000   Code   RO          959    .ARM.Collect$$rtentry$$0000000C  c_w.l(__rtentry2.o)
    0x080002aa   0x080002aa   0x00000008   Code   RO          960    .ARM.Collect$$rtentry$$0000000D  c_w.l(__rtentry2.o)
    0x080002b2   0x080002b2   0x00000002   Code   RO         1073    .ARM.Collect$$rtexit$$00000000  c_w.l(rtexit.o)
    0x080002b4   0x080002b4   0x00000000   Code   RO         1106    .ARM.Collect$$rtexit$$00000002  c_w.l(rtexit2.o)
    0x080002b4   0x080002b4   0x00000004   Code   RO         1107    .ARM.Collect$$rtexit$$00000003  c_w.l(rtexit2.o)
    0x080002b8   0x080002b8   0x00000006   Code   RO         1108    .ARM.Collect$$rtexit$$00000004  c_w.l(rtexit2.o)
    0x080002be   0x080002be   0x00000002   PAD
    0x080002c0   0x080002c0   0x00000000   Code   RO          972    .emb_text           c_w.l(maybetermalloc1.o)
    0x080002c0   0x080002c0   0x00000134   Code   RO           17    .text               stm32f10x_it.o
    0x080003f4   0x080003f4   0x000001e0   Code   RO          119    .text               system_stm32f10x.o
    0x080005d4   0x080005d4   0x00000040   Code   RO          140    .text               startup_stm32f10x_hd.o
    0x08000614   0x08000614   0x000000dc   Code   RO          144    .text               misc.o
    0x080006f0   0x080006f0   0x0000035c   Code   RO          182    .text               stm32f10x_gpio.o
    0x08000a4c   0x08000a4c   0x000003a4   Code   RO          194    .text               stm32f10x_rcc.o
    0x08000df0   0x08000df0   0x00000408   Code   RO          208    .text               stm32f10x_usart.o
    0x080011f8   0x080011f8   0x0000044e   Code   RO          220    .text               stm32f10x_adc.o
    0x08001646   0x08001646   0x00000002   PAD
    0x08001648   0x08001648   0x000000b8   Code   RO          232    .text               delay.o
    0x08001700   0x08001700   0x000001e8   Code   RO          250    .text               usart.o
    0x080018e8   0x080018e8   0x000001a0   Code   RO          272    .text               dht11.o
    0x08001a88   0x08001a88   0x000004b4   Code   RO          306    .text               oled.o
    0x08001f3c   0x08001f3c   0x000000b0   Code   RO          420    .text               adc.o
    0x08001fec   0x08001fec   0x0000009c   Code   RO          435    .text               lsens.o
    0x08002088   0x08002088   0x00000038   Code   RO          453    .text               led.o
    0x080020c0   0x080020c0   0x00000120   Code   RO          468    .text               key.o
    0x080021e0   0x080021e0   0x000005d0   Code   RO          484    .text               main.o
    0x080027b0   0x080027b0   0x00000cf4   Code   RO          527    .text               onenet.o
    0x080034a4   0x080034a4   0x000004a4   Code   RO          570    .text               hmac_sha1.o
    0x08003948   0x08003948   0x000002b0   Code   RO          592    .text               base64.o
    0x08003bf8   0x08003bf8   0x00000e20   Code   RO          616    .text               mqttkit.o
    0x08004a18   0x08004a18   0x000002d8   Code   RO          644    .text               esp8266.o
    0x08004cf0   0x08004cf0   0x0000005e   Code   RO          672    .text               c_w.l(h1_alloc.o)
    0x08004d4e   0x08004d4e   0x0000004e   Code   RO          674    .text               c_w.l(h1_free.o)
    0x08004d9c   0x08004d9c   0x00000034   Code   RO          730    .text               c_w.l(c89vsnprintf.o)
    0x08004dd0   0x08004dd0   0x0000002c   Code   RO          732    .text               c_w.l(__2sprintf.o)
    0x08004dfc   0x08004dfc   0x00000038   Code   RO          734    .text               c_w.l(__2snprintf.o)
    0x08004e34   0x08004e34   0x00000052   Code   RO          742    .text               c_w.l(_printf_str.o)
    0x08004e86   0x08004e86   0x00000002   PAD
    0x08004e88   0x08004e88   0x00000078   Code   RO          744    .text               c_w.l(_printf_dec.o)
    0x08004f00   0x08004f00   0x00000188   Code   RO          763    .text               c_w.l(__printf_flags_ss_wp.o)
    0x08005088   0x08005088   0x0000001a   Code   RO          769    .text               c_w.l(atoi.o)
    0x080050a2   0x080050a2   0x00000014   Code   RO          771    .text               c_w.l(strchr.o)
    0x080050b6   0x080050b6   0x00000024   Code   RO          773    .text               c_w.l(strncat.o)
    0x080050da   0x080050da   0x00000024   Code   RO          775    .text               c_w.l(strstr.o)
    0x080050fe   0x080050fe   0x00000048   Code   RO          777    .text               c_w.l(strcpy.o)
    0x08005146   0x08005146   0x0000003e   Code   RO          779    .text               c_w.l(strlen.o)
    0x08005184   0x08005184   0x00000018   Code   RO          781    .text               c_w.l(strcat.o)
    0x0800519c   0x0800519c   0x0000008a   Code   RO          783    .text               c_w.l(rt_memcpy_v6.o)
    0x08005226   0x08005226   0x00000044   Code   RO          785    .text               c_w.l(rt_memclr.o)
    0x0800526a   0x0800526a   0x0000004e   Code   RO          787    .text               c_w.l(rt_memclr_w.o)
    0x080052b8   0x080052b8   0x00000006   Code   RO          789    .text               c_w.l(heapauxi.o)
    0x080052be   0x080052be   0x00000002   PAD
    0x080052c0   0x080052c0   0x00000008   Code   RO          799    .text               c_w.l(rt_heap_descriptor_intlibspace.o)
    0x080052c8   0x080052c8   0x00000008   Code   RO          804    .text               c_w.l(rt_errno_addr_intlibspace.o)
    0x080052d0   0x080052d0   0x00000004   Code   RO          806    .text               c_w.l(hguard.o)
    0x080052d4   0x080052d4   0x0000008a   Code   RO          808    .text               c_w.l(init_alloc.o)
    0x0800535e   0x0800535e   0x0000000e   Code   RO          812    .text               c_w.l(h1_init.o)
    0x0800536c   0x0800536c   0x0000004e   Code   RO          826    .text               c_w.l(_printf_pad.o)
    0x080053ba   0x080053ba   0x00000024   Code   RO          828    .text               c_w.l(_printf_truncate.o)
    0x080053de   0x080053de   0x000000b2   Code   RO          830    .text               c_w.l(_printf_intcommon.o)
    0x08005490   0x08005490   0x00000028   Code   RO          832    .text               c_w.l(_printf_charcount.o)
    0x080054b8   0x080054b8   0x00000030   Code   RO          834    .text               c_w.l(_printf_char_common.o)
    0x080054e8   0x080054e8   0x0000000a   Code   RO          836    .text               c_w.l(_sputc.o)
    0x080054f2   0x080054f2   0x00000010   Code   RO          838    .text               c_w.l(_snputc.o)
    0x08005502   0x08005502   0x0000002c   Code   RO          840    .text               c_w.l(_printf_char.o)
    0x0800552e   0x0800552e   0x00000002   PAD
    0x08005530   0x08005530   0x000000bc   Code   RO          842    .text               c_w.l(_printf_wctomb.o)
    0x080055ec   0x080055ec   0x0000007c   Code   RO          845    .text               c_w.l(_printf_longlong_dec.o)
    0x08005668   0x08005668   0x00000070   Code   RO          851    .text               c_w.l(_printf_oct_int_ll.o)
    0x080056d8   0x080056d8   0x00000094   Code   RO          871    .text               c_w.l(_printf_hex_int_ll_ptr.o)
    0x0800576c   0x0800576c   0x00000070   Code   RO          895    .text               c_w.l(strtol.o)
    0x080057dc   0x080057dc   0x00000064   Code   RO          897    .text               c_w.l(rt_memcpy_w.o)
    0x08005840   0x08005840   0x00000008   Code   RO          950    .text               c_w.l(libspace.o)
    0x08005848   0x08005848   0x00000010   Code   RO          968    .text               c_w.l(rt_ctype_table.o)
    0x08005858   0x08005858   0x00000034   Code   RO          974    .text               c_w.l(h1_extend.o)
    0x0800588c   0x0800588c   0x0000008a   Code   RO          978    .text               c_w.l(lludiv10.o)
    0x08005916   0x08005916   0x0000041e   Code   RO          980    .text               c_w.l(_printf_fp_dec.o)
    0x08005d34   0x08005d34   0x0000002c   Code   RO          984    .text               c_w.l(_printf_wchar.o)
    0x08005d60   0x08005d60   0x0000009e   Code   RO          986    .text               c_w.l(_strtoul.o)
    0x08005dfe   0x08005dfe   0x00000040   Code   RO          988    .text               c_w.l(_wcrtomb.o)
    0x08005e3e   0x08005e3e   0x0000000e   Code   RO          990    .text               c_w.l(defsig_rtmem_outer.o)
    0x08005e4c   0x08005e4c   0x00000002   Code   RO         1001    .text               c_w.l(use_no_semi.o)
    0x08005e4e   0x08005e4e   0x00000000   Code   RO         1003    .text               c_w.l(indicate_semi.o)
    0x08005e4e   0x08005e4e   0x0000004a   Code   RO         1004    .text               c_w.l(sys_stackheap_outer.o)
    0x08005e98   0x08005e98   0x00000008   Code   RO         1011    .text               c_w.l(rt_locale_intlibspace.o)
    0x08005ea0   0x08005ea0   0x00000080   Code   RO         1015    .text               c_w.l(_printf_fp_infnan.o)
    0x08005f20   0x08005f20   0x0000001c   Code   RO         1017    .text               c_w.l(_chval.o)
    0x08005f3c   0x08005f3c   0x000000e4   Code   RO         1019    .text               c_w.l(bigflt0.o)
    0x08006020   0x08006020   0x00000012   Code   RO         1050    .text               c_w.l(exit.o)
    0x08006032   0x08006032   0x0000000a   Code   RO         1052    .text               c_w.l(defsig_exit.o)
    0x0800603c   0x0800603c   0x00000050   Code   RO         1054    .text               c_w.l(defsig_rtmem_inner.o)
    0x0800608c   0x0800608c   0x0000000c   Code   RO         1071    .text               c_w.l(sys_exit.o)
    0x08006098   0x08006098   0x00000032   Code   RO         1081    .text               c_w.l(defsig_general.o)
    0x080060ca   0x080060ca   0x00000002   PAD
    0x080060cc   0x080060cc   0x00000080   Code   RO         1083    .text               c_w.l(strcmpv7m.o)
    0x0800614c   0x0800614c   0x0000000e   Code   RO         1103    .text               c_w.l(sys_wrch.o)
    0x0800615a   0x0800615a   0x0000003e   Code   RO         1022    CL$$btod_d2e        c_w.l(btod.o)
    0x08006198   0x08006198   0x00000046   Code   RO         1024    CL$$btod_d2e_denorm_low  c_w.l(btod.o)
    0x080061de   0x080061de   0x00000060   Code   RO         1023    CL$$btod_d2e_norm_op1  c_w.l(btod.o)
    0x0800623e   0x0800623e   0x00000338   Code   RO         1032    CL$$btod_div_common  c_w.l(btod.o)
    0x08006576   0x08006576   0x000000dc   Code   RO         1029    CL$$btod_e2e        c_w.l(btod.o)
    0x08006652   0x08006652   0x0000002a   Code   RO         1026    CL$$btod_ediv       c_w.l(btod.o)
    0x0800667c   0x0800667c   0x0000002a   Code   RO         1025    CL$$btod_emul       c_w.l(btod.o)
    0x080066a6   0x080066a6   0x00000244   Code   RO         1031    CL$$btod_mult_common  c_w.l(btod.o)
    0x080068ea   0x080068ea   0x00000028   Code   RO         1069    i.__ARM_fpclassify  m_ws.l(fpclassify.o)
    0x08006912   0x08006912   0x0000000e   Code   RO          756    i._is_digit         c_w.l(__printf_wp.o)
    0x08006920   0x08006920   0x0000002c   Code   RO         1045    locale$$code        c_w.l(lc_ctype_c.o)
    0x0800694c   0x0800694c   0x0000002c   Code   RO         1048    locale$$code        c_w.l(lc_numeric_c.o)
    0x08006978   0x08006978   0x00000004   Code   RO          946    x$fpl$printf1       fz_ws.l(printf1.o)
    0x0800697c   0x0800697c   0x00000000   Code   RO         1068    x$fpl$usenofp       fz_ws.l(usenofp.o)
    0x0800697c   0x0800697c   0x00000818   Data   RO          307    .constdata          oled.o
    0x08007194   0x08007194   0x000000c0   Data   RO          593    .constdata          base64.o
    0x08007254   0x08007254   0x00000011   Data   RO          764    .constdata          c_w.l(__printf_flags_ss_wp.o)
    0x08007265   0x08007265   0x00000003   PAD
    0x08007268   0x08007268   0x00000008   Data   RO          843    .constdata          c_w.l(_printf_wctomb.o)
    0x08007270   0x08007270   0x00000028   Data   RO          872    .constdata          c_w.l(_printf_hex_int_ll_ptr.o)
    0x08007298   0x08007298   0x00000094   Data   RO         1020    .constdata          c_w.l(bigflt0.o)
    0x0800732c   0x0800732c   0x00000047   Data   RO          529    .conststring        onenet.o
    0x08007373   0x08007373   0x00000001   PAD
    0x08007374   0x08007374   0x00000020   Data   RO         1133    Region$$Table       anon$$obj.o
    0x08007394   0x08007394   0x00000110   Data   RO         1044    locale$$data        c_w.l(lc_ctype_c.o)
    0x080074a4   0x080074a4   0x0000001c   Data   RO         1047    locale$$data        c_w.l(lc_numeric_c.o)


    Execution Region RW_IRAM1 (Exec base: 0x20000000, Load base: 0x080074c0, Size: 0x00002168, Max: 0x00010000, ABSOLUTE, COMPRESSED[0x000002d4])

    Exec Addr    Load Addr    Size         Type   Attr      Idx    E Section Name        Object

    0x20000000   COMPRESSED   0x00000014   Data   RW          120    .data               system_stm32f10x.o
    0x20000014   COMPRESSED   0x00000014   Data   RW          195    .data               stm32f10x_rcc.o
    0x20000028   COMPRESSED   0x00000004   Data   RW          233    .data               delay.o
    0x2000002c   COMPRESSED   0x00000680   Data   RW          308    .data               oled.o
    0x200006ac   COMPRESSED   0x00000001   Data   RW          469    .data               key.o
    0x200006ad   COMPRESSED   0x00000001   PAD
    0x200006ae   COMPRESSED   0x00000002   Data   RW          530    .data               onenet.o
    0x200006b0   COMPRESSED   0x00000004   Data   RW          646    .data               esp8266.o
    0x200006b4        -       0x00000050   Zero   RW          528    .bss                onenet.o
    0x20000704        -       0x00000200   Zero   RW          645    .bss                esp8266.o
    0x20000904        -       0x00000060   Zero   RW          951    .bss                c_w.l(libspace.o)
    0x20000964   COMPRESSED   0x00000004   PAD
    0x20000968        -       0x00000c00   Zero   RW          138    HEAP                startup_stm32f10x_hd.o
    0x20001568        -       0x00000c00   Zero   RW          137    STACK               startup_stm32f10x_hd.o


==============================================================================

Image component sizes


      Code (inc. data)   RO Data    RW Data    ZI Data      Debug   Object Name

       176          6          0          0          0        767   adc.o
       688          8        192          0          0       3198   base64.o
         0          0          0          0          0       4540   core_cm3.o
       184         10          0          4          0       1205   delay.o
       416         12          0          0          0       2146   dht11.o
       728        208          0          4        512       3063   esp8266.o
      1188         30          0          0          0       3224   hmac_sha1.o
       288         12          0          1          0        868   key.o
        56          6          0          0          0        495   led.o
       156          6          0          0          0        947   lsens.o
      1488        184          0          0          0       1969   main.o
       220         22          0          0          0     214157   misc.o
      3616         98          0          0          0      15299   mqttkit.o
      1204         16       2072       1664          0     214969   oled.o
      3316       1272         71          2         80       7504   onenet.o
        64         26        304          0       6144        840   startup_stm32f10x_hd.o
      1102         26          0          0          0      11001   stm32f10x_adc.o
       860         38          0          0          0       5693   stm32f10x_gpio.o
       308        248          0          0          0      24531   stm32f10x_it.o
       932         36          0         20          0       8872   stm32f10x_rcc.o
      1032         22          0          0          0       8420   stm32f10x_usart.o
       480         38          0         20          0       1803   system_stm32f10x.o
       488         14          0          0          0       2933   usart.o

    ----------------------------------------------------------------------
     18992       2338       2672       1716       6736     538444   Object Totals
         0          0         32          0          0          0   (incl. Generated)
         2          0          1          1          0          0   (incl. Padding)

    ----------------------------------------------------------------------

      Code (inc. data)   RO Data    RW Data    ZI Data      Debug   Library Member Name

        56          6          0          0          0         88   __2snprintf.o
        44          6          0          0          0         84   __2sprintf.o
        90          0          0          0          0          0   __dczerorl2.o
         8          0          0          0          0         68   __main.o
       392          4         17          0          0         92   __printf_flags_ss_wp.o
        14          0          0          0          0         68   __printf_wp.o
         0          0          0          0          0          0   __rtentry.o
        12          0          0          0          0          0   __rtentry2.o
         6          0          0          0          0          0   __rtentry4.o
        52          8          0          0          0          0   __scatter.o
        28          0          0          0          0          0   __scatter_zi.o
        28          0          0          0          0         68   _chval.o
         6          0          0          0          0          0   _printf_a.o
         6          0          0          0          0          0   _printf_c.o
        44          0          0          0          0        108   _printf_char.o
        48          6          0          0          0         96   _printf_char_common.o
        40          0          0          0          0         68   _printf_charcount.o
         6          0          0          0          0          0   _printf_d.o
       120         16          0          0          0         92   _printf_dec.o
         6          0          0          0          0          0   _printf_e.o
         6          0          0          0          0          0   _printf_f.o
      1054          0          0          0          0        216   _printf_fp_dec.o
       128         16          0          0          0         84   _printf_fp_infnan.o
         6          0          0          0          0          0   _printf_g.o
       148          4         40          0          0        160   _printf_hex_int_ll_ptr.o
         6          0          0          0          0          0   _printf_i.o
       178          0          0          0          0         88   _printf_intcommon.o
        10          0          0          0          0          0   _printf_l.o
         6          0          0          0          0          0   _printf_lc.o
        10          0          0          0          0          0   _printf_ll.o
         6          0          0          0          0          0   _printf_lld.o
         6          0          0          0          0          0   _printf_lli.o
         6          0          0          0          0          0   _printf_llo.o
         6          0          0          0          0          0   _printf_llu.o
         6          0          0          0          0          0   _printf_llx.o
       124         16          0          0          0         92   _printf_longlong_dec.o
         6          0          0          0          0          0   _printf_ls.o
         6          0          0          0          0          0   _printf_n.o
         6          0          0          0          0          0   _printf_o.o
       112         10          0          0          0        124   _printf_oct_int_ll.o
         6          0          0          0          0          0   _printf_p.o
        78          0          0          0          0        108   _printf_pad.o
         0          0          0          0          0          0   _printf_percent.o
         4          0          0          0          0          0   _printf_percent_end.o
         6          0          0          0          0          0   _printf_s.o
        82          0          0          0          0         80   _printf_str.o
        36          0          0          0          0         84   _printf_truncate.o
         6          0          0          0          0          0   _printf_u.o
        44          0          0          0          0        108   _printf_wchar.o
       188          6          8          0          0         92   _printf_wctomb.o
         6          0          0          0          0          0   _printf_x.o
        16          0          0          0          0         68   _snputc.o
        10          0          0          0          0         68   _sputc.o
       158          0          0          0          0         92   _strtoul.o
        64          0          0          0          0         92   _wcrtomb.o
        26          0          0          0          0         80   atoi.o
       228          4        148          0          0         96   bigflt0.o
      1936        128          0          0          0        672   btod.o
        52          4          0          0          0         80   c89vsnprintf.o
        10          0          0          0          0         68   defsig_exit.o
        50          0          0          0          0         88   defsig_general.o
        80         58          0          0          0         76   defsig_rtmem_inner.o
        14          0          0          0          0         80   defsig_rtmem_outer.o
        18          0          0          0          0         80   exit.o
        94          0          0          0          0         80   h1_alloc.o
        52          0          0          0          0         68   h1_extend.o
        78          0          0          0          0         80   h1_free.o
        14          0          0          0          0         84   h1_init.o
         6          0          0          0          0        152   heapauxi.o
         4          0          0          0          0        136   hguard.o
         0          0          0          0          0          0   indicate_semi.o
       138          0          0          0          0        168   init_alloc.o
        44         10        272          0          0         76   lc_ctype_c.o
        44         10         28          0          0         76   lc_numeric_c.o
         2          0          0          0          0          0   libinit.o
        38          0          0          0          0          0   libinit2.o
         2          0          0          0          0          0   libshutdown.o
         2          0          0          0          0          0   libshutdown2.o
         8          4          0          0         96         68   libspace.o
       138          0          0          0          0         80   lludiv10.o
         0          0          0          0          0          0   maybetermalloc1.o
        16          4          0          0          0         76   rt_ctype_table.o
         8          4          0          0          0         68   rt_errno_addr_intlibspace.o
         8          4          0          0          0         68   rt_heap_descriptor_intlibspace.o
         8          4          0          0          0         68   rt_locale_intlibspace.o
        68          0          0          0          0         68   rt_memclr.o
        78          0          0          0          0         80   rt_memclr_w.o
       138          0          0          0          0         68   rt_memcpy_v6.o
       100          0          0          0          0         80   rt_memcpy_w.o
         2          0          0          0          0          0   rtexit.o
        10          0          0          0          0          0   rtexit2.o
        24          0          0          0          0         68   strcat.o
        20          0          0          0          0         68   strchr.o
       128          0          0          0          0         68   strcmpv7m.o
        72          0          0          0          0         80   strcpy.o
        62          0          0          0          0         76   strlen.o
        36          0          0          0          0         76   strncat.o
        36          0          0          0          0         80   strstr.o
       112          0          0          0          0         88   strtol.o
        12          4          0          0          0         68   sys_exit.o
        74          0          0          0          0         80   sys_stackheap_outer.o
        14          0          0          0          0         76   sys_wrch.o
         2          0          0          0          0         68   use_no_semi.o
         4          0          0          0          0         68   printf1.o
         0          0          0          0          0          0   usenofp.o
        40          0          0          0          0         68   fpclassify.o

    ----------------------------------------------------------------------
      7708        336        516          0        100       6384   Library Totals
        12          0          3          0          4          0   (incl. Padding)

    ----------------------------------------------------------------------

      Code (inc. data)   RO Data    RW Data    ZI Data      Debug   Library Name

      7652        336        513          0         96       6248   c_w.l
         4          0          0          0          0         68   fz_ws.l
        40          0          0          0          0         68   m_ws.l

    ----------------------------------------------------------------------
      7708        336        516          0        100       6384   Library Totals

    ----------------------------------------------------------------------

==============================================================================


      Code (inc. data)   RO Data    RW Data    ZI Data      Debug   

     26700       2674       3188       1716       6836     539364   Grand Totals
     26700       2674       3188        724       6836     539364   ELF Image Totals (compressed)
     26700       2674       3188        724          0          0   ROM Totals

==============================================================================

    Total RO  Size (Code + RO Data)                29888 (  29.19kB)
    Total RW  Size (RW Data + ZI Data)              8552 (   8.35kB)
    Total ROM Size (Code + RO Data + RW Data)      30612 (  29.89kB)

==============================================================================

